// Jest Snapshot v1, https://goo.gl/fbAQLP

exports[`pruebas en TodoList debe de mostrarse correctamente 1`] = `
<ul
  className="list-group list-group-flush"
>
  <TodoListItem
    borrar={[MockFunction]}
    index={0}
    key="1"
    todo={
      Object {
        "desc": "Learn react",
        "done": false,
        "id": 1,
      }
    }
    toggle={[MockFunction]}
  />
  <TodoListItem
    borrar={[MockFunction]}
    index={1}
    key="2"
    todo={
      Object {
        "desc": "Learn Mongo",
        "done": false,
        "id": 2,
      }
    }
    toggle={[MockFunction]}
  />
</ul>
`;
